// Jest Snapshot v1, https://goo.gl/fbAQLP

exports[`should add todo on click 1`] = `
<div
  class="addTodoArea"
>
  <button
    class="addTodoButton"
  >
    <img />
  </button>
</div>
`;
