// Jest Snapshot v1, https://goo.gl/fbAQLP

exports[`should toggle todo on click 1`] = `
<div
  class="wrapper"
>
  <input
    class="checkbox"
    id="1"
    type="checkbox"
  />
  <label
    for="1"
  />
</div>
`;
